{
  "n_windows_test": 5726,
  "n_cycles_test": 98,
  "windows_per_cycle": {
    "mean": 58.42857142857143,
    "min": 51,
    "max": 70
  },
  "soh_error_vs_position": [
    {
      "relpos": "0.0-0.2",
      "n": 1167,
      "soh_mae_pct": 0.7580034136772156,
      "soh_rmse_pct": 1.3541913032531738
    },
    {
      "relpos": "0.2-0.4",
      "n": 1122,
      "soh_mae_pct": 0.3236006498336792,
      "soh_rmse_pct": 0.48537886142730713
    },
    {
      "relpos": "0.4-0.6",
      "n": 1148,
      "soh_mae_pct": 0.46203118562698364,
      "soh_rmse_pct": 0.7580215334892273
    },
    {
      "relpos": "0.6-0.8",
      "n": 1108,
      "soh_mae_pct": 0.8022876381874084,
      "soh_rmse_pct": 1.3438571691513062
    },
    {
      "relpos": "0.8-1.0",
      "n": 1181,
      "soh_mae_pct": 1.038709044456482,
      "soh_rmse_pct": 1.5881547927856445
    }
  ],
  "coverage": {
    "cov90": {
      "q": 2.3820958137512207,
      "n_cal_windows": 2898,
      "n_eval_windows": 2828,
      "n_eval_cycles": 49,
      "window_level": 0.8681046676096181,
      "cycle_level_last_window": 0.9387755102040817,
      "cycles_fully_covered": 0.20408163265306123,
      "cycles_fully_missed": 0.0,
      "per_cycle_coverage_p10_p50_p90": [
        0.5952995696789143,
        0.9344262295081968,
        1.0
      ]
    },
    "cov95": {
      "q": 3.123373508453369,
      "n_cal_windows": 2898,
      "n_eval_windows": 2828,
      "n_eval_cycles": 49,
      "window_level": 0.9278642149929278,
      "cycle_level_last_window": 0.9591836734693877,
      "cycles_fully_covered": 0.30612244897959184,
      "cycles_fully_missed": 0.0,
      "per_cycle_coverage_p10_p50_p90": [
        0.7890102615028136,
        0.96875,
        1.0
      ]
    }
  }
}
